notification microservice started (queue: http://localhost:9421/queue)
📱 Breeze (mock) →
   rider:   rider-demo-1
   tenant:  demo-av-service
   title:   Booking confirmed
   body:    Your AV booking AV-1042 is confirmed.
📱 Breeze (mock) →
   rider:   rider-demo-1
   tenant:  demo-av-service
   title:   Your AV is arriving
   body:    Your vehicle for booking AV-1042 is 10 minutes away.
📱 Breeze (mock) →
   rider:   rider-demo-1
   tenant:  demo-av-service
   title:   Service disruption
   body:    Route 7 suspended until further notice.
📱 Breeze (mock) →
   rider:   rider-demo-2
   tenant:  demo-av-service
   title:   Service disruption
   body:    Route 7 suspended until further notice.
📱 Breeze (mock) →
   rider:   rider-demo-1
   tenant:  demo-av-service
   title:   Your AV is arriving
   body:    Your vehicle for booking AV-1042 is 10 minutes away.
📱 Breeze (mock) →
   rider:   rider-demo-1
   tenant:  demo-av-service
   title:   Your AV is arriving
   body:    Your vehicle for booking AV-1042 is 10 minutes away.
📱 Breeze (mock) →
   rider:   rider-demo-1
   tenant:  demo-av-service
   title:   Your AV is arriving
   body:    Your vehicle for booking AV-1042 is 10 minutes away.
📱 Breeze (mock) →
   rider:   rider-demo-1
   tenant:  demo-av-service
   title:   Your AV is arriving
   body:    Your vehicle for booking AV-1042 is 10 minutes away.
📱 Breeze (mock) →
   rider:   rider-demo-1
   tenant:  demo-av-service
   title:   Your AV is arriving
   body:    Your vehicle for booking AV-1042 is 10 minutes away.
📱 Breeze (mock) →
   rider:   rider-demo-1
   tenant:  demo-av-service
   title:   Your AV is arriving
   body:    Your vehicle for booking AV-1042 is 10 minutes away.
📱 Breeze (mock) →
   rider:   rider-demo-1
   tenant:  demo-av-service
   title:   Your AV is arriving
   body:    Your vehicle for booking AV-1042 is 10 minutes away.
📱 Breeze (mock) →
   rider:   rider-demo-1
   tenant:  demo-av-service
   title:   Booking confirmed
   body:    Your AV booking AV-1042 is confirmed.
📱 Breeze (mock) →
   rider:   rider-demo-1
   tenant:  demo-av-service
   title:   Service disruption
   body:    Route 7 suspended until further notice.
📱 Breeze (mock) →
   rider:   rider-demo-2
   tenant:  demo-av-service
   title:   Service disruption
   body:    Route 7 suspended until further notice.
📱 Breeze (mock) →
   rider:   rider-demo-1
   tenant:  demo-av-service
   title:   Booking confirmed
   body:    Your AV booking AV-1042 is confirmed.
